warning: profiles for the non root package will be ignored, specify profiles at the workspace root:
package:   /home/abujulaybeeb/Documents/Drips 15/stellAIverse-contracts/contracts/prediction-market/Cargo.toml
workspace: /home/abujulaybeeb/Documents/Drips 15/stellAIverse-contracts/Cargo.toml
warning: /home/abujulaybeeb/Documents/Drips 15/stellAIverse-contracts/Cargo.toml: unused manifest key: build
help: build is a valid .cargo/config.toml key
   Compiling governance v0.1.0 (/home/abujulaybeeb/Documents/Drips 15/stellAIverse-contracts/contracts/governance)
error: cannot find attribute `contracterror` in this scope
  --> contracts/governance/src/lib.rs:16:3
   |
16 | #[contracterror]
   |   ^^^^^^^^^^^^^
   |
help: consider importing this attribute macro
   |
 2 + use soroban_sdk::contracterror;
   |

error: cannot find macro `vec` in this scope
    --> contracts/governance/src/test.rs:1533:30
     |
1533 |         allowed_values: Some(vec![
     |                              ^^^
     |
help: consider importing this macro
     |
   4 + use soroban_sdk::vec;
     |

error: cannot find macro `vec` in this scope
    --> contracts/governance/src/test.rs:1447:30
     |
1447 |         allowed_values: Some(vec![
     |                              ^^^
     |
help: consider importing this macro
     |
   4 + use soroban_sdk::vec;
     |

error[E0433]: failed to resolve: use of unresolved module or unlinked crate `std`
   --> contracts/governance/src/test.rs:917:26
    |
917 |     let second_attempt = std::panic::catch_unwind(std::panic::AssertUnwindSafe(|| {
    |                          ^^^ use of unresolved module or unlinked crate `std`
    |
    = help: if you wanted to use a crate named `std`, use `cargo add std` to add it to your `Cargo.toml`

error[E0425]: cannot find type `String` in this scope
  --> contracts/governance/src/storage.rs:56:19
   |
56 |     ParameterRule(String), // parameter name -> rule
   |                   ^^^^^^ not found in this scope
   |
help: consider importing one of these structs
   |
 2 + use crate::String;
   |
 2 + use soroban_sdk::String;
   |

error[E0425]: cannot find type `Val` in this scope
  --> contracts/governance/src/storage.rs:58:30
   |
58 |     StorageSnapshot(Address, Val), // contract_address, storage_key
   |                              ^^^ not found in this scope
   |
help: consider importing one of these structs
   |
 2 + use crate::Val;
   |
 2 + use soroban_sdk::Val;
   |

error[E0433]: failed to resolve: use of undeclared type `String`
   --> contracts/governance/src/storage.rs:477:38
    |
477 |         .get(&DataKey::ParameterRule(String::from_str(env, parameter_name)))
    |                                      ^^^^^^ use of undeclared type `String`
    |
help: consider importing one of these structs
    |
  2 + use crate::String;
    |
  2 + use soroban_sdk::String;
    |

error[E0433]: failed to resolve: use of undeclared type `String`
   --> contracts/governance/src/storage.rs:483:41
    |
483 |         .remove(&DataKey::ParameterRule(String::from_str(env, parameter_name)));
    |                                         ^^^^^^ use of undeclared type `String`
    |
help: consider importing one of these structs
    |
  2 + use crate::String;
    |
  2 + use soroban_sdk::String;
    |

error[E0425]: cannot find type `Val` in this scope
   --> contracts/governance/src/storage.rs:494:82
    |
494 | pub fn get_storage_snapshot(env: &Env, contract_address: &Address, storage_key: &Val) -> Option<StorageSnapshot> {
    |                                                                                  ^^^ not found in this scope
    |
help: consider importing one of these structs
    |
  2 + use crate::Val;
    |
  2 + use soroban_sdk::Val;
    |

error[E0425]: cannot find type `Val` in this scope
   --> contracts/governance/src/storage.rs:500:85
    |
500 | pub fn remove_storage_snapshot(env: &Env, contract_address: &Address, storage_key: &Val) {
    |                                                                                     ^^^ not found in this scope
    |
help: consider importing one of these structs
    |
  2 + use crate::Val;
    |
  2 + use soroban_sdk::Val;
    |

error[E0433]: failed to resolve: use of unresolved module or unlinked crate `std`
   --> contracts/governance/src/test.rs:917:51
    |
917 |     let second_attempt = std::panic::catch_unwind(std::panic::AssertUnwindSafe(|| {
    |                                                   ^^^ use of unresolved module or unlinked crate `std`
    |
    = help: if you wanted to use a crate named `std`, use `cargo add std` to add it to your `Cargo.toml`
help: consider importing this module
    |
  4 + use core::panic;
    |
help: if you import `panic`, refer to it directly
    |
917 -     let second_attempt = std::panic::catch_unwind(std::panic::AssertUnwindSafe(|| {
917 +     let second_attempt = std::panic::catch_unwind(panic::AssertUnwindSafe(|| {
    |

warning: unused import: `contracttype`
 --> contracts/governance/src/lib.rs:3:29
  |
3 |     contract, contractimpl, contracttype, token, Address, Env, String, Symbol, Val, Vec,
  |                             ^^^^^^^^^^^^
  |
  = note: `#[warn(unused_imports)]` (part of `#[warn(unused)]`) on by default

warning: unused import: `token`
 --> contracts/governance/src/test.rs:8:5
  |
8 |     token, Address, Env, String, Symbol, Val, Vec,
  |     ^^^^^

warning: unused import: `RoleType`
  --> contracts/governance/src/lib.rs:14:31
   |
14 | use stellai_lib::rbac::{self, RoleType};
   |                               ^^^^^^^^

warning: the `#![no_std]` attribute can only be used at the crate root
 --> contracts/governance/src/storage.rs:1:1
  |
1 | #![no_std]
  | ^^^^^^^^^^
  |
  = note: `#[warn(unused_attributes)]` (part of `#[warn(unused)]`) on by default

warning: the `#![no_std]` attribute can only be used at the crate root
 --> contracts/governance/src/types.rs:1:1
  |
1 | #![no_std]
  | ^^^^^^^^^^

error[E0277]: the trait bound `soroban_sdk::xdr::ScVal: TryFrom<&core::option::Option<soroban_sdk::Val>>` is not satisfied
   --> contracts/governance/src/types.rs:269:1
    |
269 | #[contracttype]
    | ^^^^^^^^^^^^^^^ the trait `From<soroban_sdk::Val>` is not implemented for `soroban_sdk::xdr::ScVal`
    |
    = help: the following other types implement trait `From<T>`:
              `&soroban_sdk::xdr::ScVal` implements `From<soroban_env_common::object::ScValObjRef<'_>>`
              `soroban_sdk::xdr::ScVal` implements `From<&()>`
              `soroban_sdk::xdr::ScVal` implements `From<&Fp2>`
              `soroban_sdk::xdr::ScVal` implements `From<&Fr>`
              `soroban_sdk::xdr::ScVal` implements `From<&G1Affine>`
              `soroban_sdk::xdr::ScVal` implements `From<&G2Affine>`
              `soroban_sdk::xdr::ScVal` implements `From<&bool>`
              `soroban_sdk::xdr::ScVal` implements `From<&core::option::Option<T>>`
            and 48 others
    = note: required for `soroban_sdk::Val` to implement `Into<soroban_sdk::xdr::ScVal>`
    = note: required for `soroban_sdk::xdr::ScVal` to implement `From<&core::option::Option<soroban_sdk::Val>>`
    = note: 1 redundant requirement hidden
    = note: required for `&core::option::Option<soroban_sdk::Val>` to implement `Into<soroban_sdk::xdr::ScVal>`
    = note: required for `soroban_sdk::xdr::ScVal` to implement `TryFrom<&core::option::Option<soroban_sdk::Val>>`
    = note: required for `&core::option::Option<soroban_sdk::Val>` to implement `TryInto<soroban_sdk::xdr::ScVal>`
    = note: this error originates in the attribute macro `contracttype` (in Nightly builds, run with -Z macro-backtrace for more info)

error[E0277]: the trait bound `soroban_sdk::xdr::ScVal: TryFrom<&soroban_sdk::Val>` is not satisfied
   --> contracts/governance/src/types.rs:269:1
    |
269 | #[contracttype]
    | ^^^^^^^^^^^^^^^ the trait `From<&soroban_sdk::Val>` is not implemented for `soroban_sdk::xdr::ScVal`
    |
    = help: the following other types implement trait `From<T>`:
              `&soroban_sdk::xdr::ScVal` implements `From<soroban_env_common::object::ScValObjRef<'_>>`
              `soroban_sdk::xdr::ScVal` implements `From<&()>`
              `soroban_sdk::xdr::ScVal` implements `From<&Fp2>`
              `soroban_sdk::xdr::ScVal` implements `From<&Fr>`
              `soroban_sdk::xdr::ScVal` implements `From<&G1Affine>`
              `soroban_sdk::xdr::ScVal` implements `From<&G2Affine>`
              `soroban_sdk::xdr::ScVal` implements `From<&bool>`
              `soroban_sdk::xdr::ScVal` implements `From<&core::option::Option<T>>`
            and 48 others
    = note: required for `&soroban_sdk::Val` to implement `Into<soroban_sdk::xdr::ScVal>`
    = note: required for `soroban_sdk::xdr::ScVal` to implement `TryFrom<&soroban_sdk::Val>`
    = note: required for `&soroban_sdk::Val` to implement `TryInto<soroban_sdk::xdr::ScVal>`
    = note: this error originates in the attribute macro `contracttype` (in Nightly builds, run with -Z macro-backtrace for more info)

warning: use of deprecated method `soroban_sdk::Env::register_contract`: use `register`
  --> contracts/governance/src/test.rs:99:25
   |
99 |     let contract_id = e.register_contract(None, MockToken);
   |                         ^^^^^^^^^^^^^^^^^
   |
   = note: `#[warn(deprecated)]` on by default

warning: use of deprecated method `soroban_sdk::Env::register_contract`: use `register`
   --> contracts/governance/src/test.rs:107:7
    |
107 |     e.register_contract(None, Governance)
    |       ^^^^^^^^^^^^^^^^^

error[E0061]: this method takes 8 arguments but 7 arguments were supplied
   --> contracts/governance/src/test.rs:126:16
    |
126 |       gov_client.init_contract(
    |  ________________^^^^^^^^^^^^^-
127 | |         &admin,
128 | |         &governance_token,
129 | |         &None::<u32>,
...   |
133 | |         &None::<u128>,
134 | |     );
    | |_____- argument #8 of type `&core::option::Option<types::VotingMechanism>` is missing
    |
note: method defined here
   --> contracts/governance/src/lib.rs:28:12
    |
 28 |     pub fn init_contract(
    |            ^^^^^^^^^^^^^
...
 37 |         voting_mechanism: Option<VotingMechanism>,
    |         -----------------------------------------
help: provide the argument
    |
126 |     gov_client.init_contract(
...
133 |         &None::<u128>,
134 ~         /* &core::option::Option<types::VotingMechanism> */,
135 ~     );
    |

error[E0061]: this method takes 4 arguments but 3 arguments were supplied
   --> contracts/governance/src/test.rs:203:16
    |
203 |     gov_client.delegate_voting_power(&delegator, &delegatee, &5000);
    |                ^^^^^^^^^^^^^^^^^^^^^------------------------------- argument #4 of type `&core::option::Option<u64>` is missing
    |
note: method defined here
   --> contracts/governance/src/lib.rs:297:12
    |
297 |     pub fn delegate_voting_power(env: Env, delegator: Address, delegatee: Address, amount: u128, expires_at: Option<u64>) {
    |            ^^^^^^^^^^^^^^^^^^^^^                                                                 -----------------------
help: provide the argument
    |
203 |     gov_client.delegate_voting_power(&delegator, &delegatee, &5000, /* &core::option::Option<u64> */);
    |                                                                   ++++++++++++++++++++++++++++++++++

error[E0061]: this method takes 4 arguments but 3 arguments were supplied
   --> contracts/governance/src/test.rs:237:16
    |
237 |     gov_client.delegate_voting_power(&user2, &user1, &5000);
    |                ^^^^^^^^^^^^^^^^^^^^^----------------------- argument #4 of type `&core::option::Option<u64>` is missing
    |
note: method defined here
   --> contracts/governance/src/lib.rs:297:12
    |
297 |     pub fn delegate_voting_power(env: Env, delegator: Address, delegatee: Address, amount: u128, expires_at: Option<u64>) {
    |            ^^^^^^^^^^^^^^^^^^^^^                                                                 -----------------------
help: provide the argument
    |
237 |     gov_client.delegate_voting_power(&user2, &user1, &5000, /* &core::option::Option<u64> */);
    |                                                           ++++++++++++++++++++++++++++++++++

error[E0061]: this method takes 4 arguments but 3 arguments were supplied
   --> contracts/governance/src/test.rs:300:16
    |
300 |     gov_client.delegate_voting_power(&delegator, &delegatee, &5000);
    |                ^^^^^^^^^^^^^^^^^^^^^------------------------------- argument #4 of type `&core::option::Option<u64>` is missing
    |
note: method defined here
   --> contracts/governance/src/lib.rs:297:12
    |
297 |     pub fn delegate_voting_power(env: Env, delegator: Address, delegatee: Address, amount: u128, expires_at: Option<u64>) {
    |            ^^^^^^^^^^^^^^^^^^^^^                                                                 -----------------------
help: provide the argument
    |
300 |     gov_client.delegate_voting_power(&delegator, &delegatee, &5000, /* &core::option::Option<u64> */);
    |                                                                   ++++++++++++++++++++++++++++++++++

error[E0061]: this method takes 4 arguments but 3 arguments were supplied
   --> contracts/governance/src/test.rs:323:16
    |
323 |     gov_client.delegate_voting_power(&alice, &bob, &5000);
    |                ^^^^^^^^^^^^^^^^^^^^^--------------------- argument #4 of type `&core::option::Option<u64>` is missing
    |
note: method defined here
   --> contracts/governance/src/lib.rs:297:12
    |
297 |     pub fn delegate_voting_power(env: Env, delegator: Address, delegatee: Address, amount: u128, expires_at: Option<u64>) {
    |            ^^^^^^^^^^^^^^^^^^^^^                                                                 -----------------------
help: provide the argument
    |
323 |     gov_client.delegate_voting_power(&alice, &bob, &5000, /* &core::option::Option<u64> */);
    |                                                         ++++++++++++++++++++++++++++++++++

error[E0061]: this method takes 4 arguments but 3 arguments were supplied
   --> contracts/governance/src/test.rs:324:16
    |
324 |     gov_client.delegate_voting_power(&bob, &charlie, &3000);
    |                ^^^^^^^^^^^^^^^^^^^^^----------------------- argument #4 of type `&core::option::Option<u64>` is missing
    |
note: method defined here
   --> contracts/governance/src/lib.rs:297:12
    |
297 |     pub fn delegate_voting_power(env: Env, delegator: Address, delegatee: Address, amount: u128, expires_at: Option<u64>) {
    |            ^^^^^^^^^^^^^^^^^^^^^                                                                 -----------------------
help: provide the argument
    |
324 |     gov_client.delegate_voting_power(&bob, &charlie, &3000, /* &core::option::Option<u64> */);
    |                                                           ++++++++++++++++++++++++++++++++++

error[E0061]: this method takes 4 arguments but 3 arguments were supplied
   --> contracts/governance/src/test.rs:345:16
    |
345 |     gov_client.delegate_voting_power(&delegator, &delegatee1, &5000);
    |                ^^^^^^^^^^^^^^^^^^^^^-------------------------------- argument #4 of type `&core::option::Option<u64>` is missing
    |
note: method defined here
   --> contracts/governance/src/lib.rs:297:12
    |
297 |     pub fn delegate_voting_power(env: Env, delegator: Address, delegatee: Address, amount: u128, expires_at: Option<u64>) {
    |            ^^^^^^^^^^^^^^^^^^^^^                                                                 -----------------------
help: provide the argument
    |
345 |     gov_client.delegate_voting_power(&delegator, &delegatee1, &5000, /* &core::option::Option<u64> */);
    |                                                                    ++++++++++++++++++++++++++++++++++

error[E0061]: this method takes 4 arguments but 3 arguments were supplied
   --> contracts/governance/src/test.rs:346:16
    |
346 |     gov_client.delegate_voting_power(&delegator, &delegatee2, &5000);
    |                ^^^^^^^^^^^^^^^^^^^^^-------------------------------- argument #4 of type `&core::option::Option<u64>` is missing
    |
note: method defined here
   --> contracts/governance/src/lib.rs:297:12
    |
297 |     pub fn delegate_voting_power(env: Env, delegator: Address, delegatee: Address, amount: u128, expires_at: Option<u64>) {
    |            ^^^^^^^^^^^^^^^^^^^^^                                                                 -----------------------
help: provide the argument
    |
346 |     gov_client.delegate_voting_power(&delegator, &delegatee2, &5000, /* &core::option::Option<u64> */);
    |                                                                    ++++++++++++++++++++++++++++++++++

error[E0061]: this method takes 4 arguments but 3 arguments were supplied
   --> contracts/governance/src/test.rs:363:16
    |
363 |     gov_client.delegate_voting_power(&delegator, &delegatee, &5000);
    |                ^^^^^^^^^^^^^^^^^^^^^------------------------------- argument #4 of type `&core::option::Option<u64>` is missing
    |
note: method defined here
   --> contracts/governance/src/lib.rs:297:12
    |
297 |     pub fn delegate_voting_power(env: Env, delegator: Address, delegatee: Address, amount: u128, expires_at: Option<u64>) {
    |            ^^^^^^^^^^^^^^^^^^^^^                                                                 -----------------------
help: provide the argument
    |
363 |     gov_client.delegate_voting_power(&delegator, &delegatee, &5000, /* &core::option::Option<u64> */);
    |                                                                   ++++++++++++++++++++++++++++++++++

error[E0061]: this method takes 4 arguments but 3 arguments were supplied
   --> contracts/governance/src/test.rs:379:16
    |
379 |     gov_client.delegate_voting_power(&user, &user, &5000);
    |                ^^^^^^^^^^^^^^^^^^^^^--------------------- argument #4 of type `&core::option::Option<u64>` is missing
    |
note: method defined here
   --> contracts/governance/src/lib.rs:297:12
    |
297 |     pub fn delegate_voting_power(env: Env, delegator: Address, delegatee: Address, amount: u128, expires_at: Option<u64>) {
    |            ^^^^^^^^^^^^^^^^^^^^^                                                                 -----------------------
help: provide the argument
    |
379 |     gov_client.delegate_voting_power(&user, &user, &5000, /* &core::option::Option<u64> */);
    |                                                         ++++++++++++++++++++++++++++++++++

warning: use of deprecated method `soroban_sdk::Env::register_contract`: use `register`
   --> contracts/governance/src/test.rs:547:29
    |
547 |     let target_contract = e.register_contract(None, MockTargetContract);
    |                             ^^^^^^^^^^^^^^^^^

warning: use of deprecated method `soroban_sdk::Env::register_contract`: use `register`
   --> contracts/governance/src/test.rs:811:29
    |
811 |     let target_contract = e.register_contract(None, MockTargetContract);
    |                             ^^^^^^^^^^^^^^^^^

warning: use of deprecated method `soroban_sdk::Env::register_contract`: use `register`
   --> contracts/governance/src/test.rs:877:29
    |
877 |     let target_contract = e.register_contract(None, MockTargetContract);
    |                             ^^^^^^^^^^^^^^^^^

warning: use of deprecated method `soroban_sdk::Env::register_contract`: use `register`
    --> contracts/governance/src/test.rs:1046:29
     |
1046 |     let target_contract = e.register_contract(None, MockTargetContract);
     |                             ^^^^^^^^^^^^^^^^^

error[E0308]: mismatched types
    --> contracts/governance/src/test.rs:1090:9
     |
1085 |     let entry_id = gov_client.queue_parameter_update(
     |                               ---------------------- arguments to this method are incorrect
...
1090 |         args,
     |         ^^^^ expected `&Vec<Val>`, found `Vec<_>`
     |
     = note: expected reference `&soroban_sdk::Vec<soroban_sdk::Val>`
                   found struct `soroban_sdk::Vec<_>`
note: method defined here
    --> contracts/governance/src/lib.rs:925:12
     |
 925 |     pub fn queue_parameter_update(
     |            ^^^^^^^^^^^^^^^^^^^^^^
...
 931 |         target_args: Vec<Val>,
     |         ---------------------
help: consider borrowing here
     |
1090 |         &args,
     |         +

warning: use of deprecated method `soroban_sdk::Env::register_contract`: use `register`
    --> contracts/governance/src/test.rs:1133:29
     |
1133 |     let target_contract = e.register_contract(None, MockTargetContract);
     |                             ^^^^^^^^^^^^^^^^^

error[E0308]: mismatched types
    --> contracts/governance/src/test.rs:1176:9
     |
1171 |     let entry_id = gov_client.queue_parameter_update(
     |                               ---------------------- arguments to this method are incorrect
...
1176 |         args,
     |         ^^^^ expected `&Vec<Val>`, found `Vec<_>`
     |
     = note: expected reference `&soroban_sdk::Vec<soroban_sdk::Val>`
                   found struct `soroban_sdk::Vec<_>`
note: method defined here
    --> contracts/governance/src/lib.rs:925:12
     |
 925 |     pub fn queue_parameter_update(
     |            ^^^^^^^^^^^^^^^^^^^^^^
...
 931 |         target_args: Vec<Val>,
     |         ---------------------
help: consider borrowing here
     |
1176 |         &args,
     |         +

warning: use of deprecated method `soroban_sdk::Env::register_contract`: use `register`
    --> contracts/governance/src/test.rs:1213:29
     |
1213 |     let target_contract = e.register_contract(None, MockTargetContract);
     |                             ^^^^^^^^^^^^^^^^^

error[E0308]: mismatched types
    --> contracts/governance/src/test.rs:1256:9
     |
1251 |     let entry_id = gov_client.queue_parameter_update(
     |                               ---------------------- arguments to this method are incorrect
...
1256 |         args,
     |         ^^^^ expected `&Vec<Val>`, found `Vec<_>`
     |
     = note: expected reference `&soroban_sdk::Vec<soroban_sdk::Val>`
                   found struct `soroban_sdk::Vec<_>`
note: method defined here
    --> contracts/governance/src/lib.rs:925:12
     |
 925 |     pub fn queue_parameter_update(
     |            ^^^^^^^^^^^^^^^^^^^^^^
...
 931 |         target_args: Vec<Val>,
     |         ---------------------
help: consider borrowing here
     |
1256 |         &args,
     |         +

warning: use of deprecated method `soroban_sdk::Env::register_contract`: use `register`
    --> contracts/governance/src/test.rs:1307:29
     |
1307 |     let target_contract = e.register_contract(None, MockTargetContract);
     |                             ^^^^^^^^^^^^^^^^^

error[E0308]: mismatched types
    --> contracts/governance/src/test.rs:1350:9
     |
1345 |     let entry_id = gov_client.queue_parameter_update(
     |                               ---------------------- arguments to this method are incorrect
...
1350 |         args,
     |         ^^^^ expected `&Vec<Val>`, found `Vec<_>`
     |
     = note: expected reference `&soroban_sdk::Vec<soroban_sdk::Val>`
                   found struct `soroban_sdk::Vec<_>`
note: method defined here
    --> contracts/governance/src/lib.rs:925:12
     |
 925 |     pub fn queue_parameter_update(
     |            ^^^^^^^^^^^^^^^^^^^^^^
...
 931 |         target_args: Vec<Val>,
     |         ---------------------
help: consider borrowing here
     |
1350 |         &args,
     |         +

error[E0308]: mismatched types
    --> contracts/governance/src/test.rs:1382:43
     |
1382 |     gov_client.set_parameter_rule(&admin, rule);
     |                ------------------         ^^^^ expected `&ParameterRule`, found `ParameterRule`
     |                |
     |                arguments to this method are incorrect
     |
note: method defined here
    --> contracts/governance/src/lib.rs:1072:12
     |
1072 |     pub fn set_parameter_rule(env: Env, admin: Address, rule: types::ParameterRule) {
     |            ^^^^^^^^^^^^^^^^^^                           --------------------------
help: consider borrowing here
     |
1382 |     gov_client.set_parameter_rule(&admin, &rule);
     |                                           +

error[E0308]: mismatched types
    --> contracts/governance/src/test.rs:1384:56
     |
1384 |     let retrieved_rule = gov_client.get_parameter_rule(String::from_str(&e, "fee_rate")).unwrap();
     |                                     ------------------ ^^^^^^^^^^^^^^^^^^^^^^^^^^^^^^^^ expected `&String`, found `String`
     |                                     |
     |                                     arguments to this method are incorrect
     |
note: method defined here
    --> contracts/governance/src/lib.rs:1368:12
     |
1368 |     pub fn get_parameter_rule(env: Env, parameter_name: String) -> Option<types::ParameterRule> {
     |            ^^^^^^^^^^^^^^^^^^           ----------------------
help: consider borrowing here
     |
1384 |     let retrieved_rule = gov_client.get_parameter_rule(&String::from_str(&e, "fee_rate")).unwrap();
     |                                                        +

error[E0308]: mismatched types
    --> contracts/governance/src/test.rs:1406:43
     |
1406 |     gov_client.set_parameter_rule(&admin, rule);
     |                ------------------         ^^^^ expected `&ParameterRule`, found `ParameterRule`
     |                |
     |                arguments to this method are incorrect
     |
note: method defined here
    --> contracts/governance/src/lib.rs:1072:12
     |
1072 |     pub fn set_parameter_rule(env: Env, admin: Address, rule: types::ParameterRule) {
     |            ^^^^^^^^^^^^^^^^^^                           --------------------------
help: consider borrowing here
     |
1406 |     gov_client.set_parameter_rule(&admin, &rule);
     |                                           +

warning: use of deprecated method `soroban_sdk::Env::register_contract`: use `register`
    --> contracts/governance/src/test.rs:1409:29
     |
1409 |     let target_contract = e.register_contract(None, MockTargetContract);
     |                             ^^^^^^^^^^^^^^^^^

error[E0277]: the trait bound `&soroban_sdk::Val: From<soroban_sdk::String>` is not satisfied
    --> contracts/governance/src/test.rs:1411:62
     |
1411 |     let storage_key = String::from_str(&e, "max_withdrawal").into();
     |                                                              ^^^^ the trait `From<soroban_sdk::String>` is not implemented for `&soroban_sdk::Val`
     |
     = help: the following other types implement trait `From<T>`:
               `soroban_sdk::Val` implements `From<&()>`
               `soroban_sdk::Val` implements `From<&MapObject>`
               `soroban_sdk::Val` implements `From<&VecObject>`
               `soroban_sdk::Val` implements `From<&i32>`
               `soroban_sdk::Val` implements `From<&soroban_env_common::bytes::BytesObject>`
               `soroban_sdk::Val` implements `From<&soroban_env_common::num::DurationObject>`
               `soroban_sdk::Val` implements `From<&soroban_env_common::num::DurationSmall>`
               `soroban_sdk::Val` implements `From<&soroban_env_common::num::DurationVal>`
             and 84 others
     = note: required for `soroban_sdk::String` to implement `Into<&soroban_sdk::Val>`

error[E0308]: arguments to this method are incorrect
    --> contracts/governance/src/test.rs:1413:16
     |
1413 |     gov_client.execute_parameter_change_safe(
     |                ^^^^^^^^^^^^^^^^^^^^^^^^^^^^^
...
1416 |         String::from_str(&e, "max_withdrawal"),
     |         -------------------------------------- expected `&String`, found `String`
1417 |         String::from_str(&e, "5000"),
     |         ---------------------------- expected `&String`, found `String`
     |
note: method defined here
    --> contracts/governance/src/lib.rs:1236:12
     |
1236 |     pub fn execute_parameter_change_safe(
     |            ^^^^^^^^^^^^^^^^^^^^^^^^^^^^^
...
1240 |         parameter_name: String,
     |         ----------------------
1241 |         new_value: String,
     |         -----------------
help: consider borrowing here
     |
1416 |         &String::from_str(&e, "max_withdrawal"),
     |         +
help: consider borrowing here
     |
1417 |         &String::from_str(&e, "5000"),
     |         +

error[E0308]: mismatched types
    --> contracts/governance/src/test.rs:1455:43
     |
1455 |     gov_client.set_parameter_rule(&admin, rule1);
     |                ------------------         ^^^^^ expected `&ParameterRule`, found `ParameterRule`
     |                |
     |                arguments to this method are incorrect
     |
note: method defined here
    --> contracts/governance/src/lib.rs:1072:12
     |
1072 |     pub fn set_parameter_rule(env: Env, admin: Address, rule: types::ParameterRule) {
     |            ^^^^^^^^^^^^^^^^^^                           --------------------------
help: consider borrowing here
     |
1455 |     gov_client.set_parameter_rule(&admin, &rule1);
     |                                           +

error[E0308]: mismatched types
    --> contracts/governance/src/test.rs:1456:43
     |
1456 |     gov_client.set_parameter_rule(&admin, rule2);
     |                ------------------         ^^^^^ expected `&ParameterRule`, found `ParameterRule`
     |                |
     |                arguments to this method are incorrect
     |
note: method defined here
    --> contracts/governance/src/lib.rs:1072:12
     |
1072 |     pub fn set_parameter_rule(env: Env, admin: Address, rule: types::ParameterRule) {
     |            ^^^^^^^^^^^^^^^^^^                           --------------------------
help: consider borrowing here
     |
1456 |     gov_client.set_parameter_rule(&admin, &rule2);
     |                                           +

error[E0308]: mismatched types
    --> contracts/governance/src/test.rs:1472:56
     |
1472 |     gov_client.execute_parameter_batch_safe(&executor, updates);
     |                ----------------------------            ^^^^^^^ expected `&Vec<(String, String, Val)>`, found `Vec<(String, String, _)>`
     |                |
     |                arguments to this method are incorrect
     |
     = note: expected reference `&soroban_sdk::Vec<(soroban_sdk::String, soroban_sdk::String, soroban_sdk::Val)>`
                   found struct `soroban_sdk::Vec<(soroban_sdk::String, soroban_sdk::String, _)>`
note: method defined here
    --> contracts/governance/src/lib.rs:1284:12
     |
1284 |     pub fn execute_parameter_batch_safe(
     |            ^^^^^^^^^^^^^^^^^^^^^^^^^^^^
...
1287 |         updates: Vec<(String, String, Val)>, // (parameter_name, new_value, storage_key)
     |         -----------------------------------
help: consider borrowing here
     |
1472 |     gov_client.execute_parameter_batch_safe(&executor, &updates);
     |                                                        +

error[E0277]: the trait bound `&soroban_sdk::Val: From<soroban_sdk::String>` is not satisfied
    --> contracts/governance/src/test.rs:1477:40
     |
1477 |         String::from_str(&e, "param1").into(),
     |                                        ^^^^ the trait `From<soroban_sdk::String>` is not implemented for `&soroban_sdk::Val`
     |
     = help: the following other types implement trait `From<T>`:
               `soroban_sdk::Val` implements `From<&()>`
               `soroban_sdk::Val` implements `From<&MapObject>`
               `soroban_sdk::Val` implements `From<&VecObject>`
               `soroban_sdk::Val` implements `From<&i32>`
               `soroban_sdk::Val` implements `From<&soroban_env_common::bytes::BytesObject>`
               `soroban_sdk::Val` implements `From<&soroban_env_common::num::DurationObject>`
               `soroban_sdk::Val` implements `From<&soroban_env_common::num::DurationSmall>`
               `soroban_sdk::Val` implements `From<&soroban_env_common::num::DurationVal>`
             and 84 others
     = note: required for `soroban_sdk::String` to implement `Into<&soroban_sdk::Val>`

error[E0277]: the trait bound `&soroban_sdk::Val: From<soroban_sdk::String>` is not satisfied
    --> contracts/governance/src/test.rs:1481:40
     |
1481 |         String::from_str(&e, "param2").into(),
     |                                        ^^^^ the trait `From<soroban_sdk::String>` is not implemented for `&soroban_sdk::Val`
     |
     = help: the following other types implement trait `From<T>`:
               `soroban_sdk::Val` implements `From<&()>`
               `soroban_sdk::Val` implements `From<&MapObject>`
               `soroban_sdk::Val` implements `From<&VecObject>`
               `soroban_sdk::Val` implements `From<&i32>`
               `soroban_sdk::Val` implements `From<&soroban_env_common::bytes::BytesObject>`
               `soroban_sdk::Val` implements `From<&soroban_env_common::num::DurationObject>`
               `soroban_sdk::Val` implements `From<&soroban_env_common::num::DurationSmall>`
               `soroban_sdk::Val` implements `From<&soroban_env_common::num::DurationVal>`
             and 84 others
     = note: required for `soroban_sdk::String` to implement `Into<&soroban_sdk::Val>`

error[E0308]: mismatched types
    --> contracts/governance/src/test.rs:1505:43
     |
1505 |     gov_client.set_parameter_rule(&admin, rule);
     |                ------------------         ^^^^ expected `&ParameterRule`, found `ParameterRule`
     |                |
     |                arguments to this method are incorrect
     |
note: method defined here
    --> contracts/governance/src/lib.rs:1072:12
     |
1072 |     pub fn set_parameter_rule(env: Env, admin: Address, rule: types::ParameterRule) {
     |            ^^^^^^^^^^^^^^^^^^                           --------------------------
help: consider borrowing here
     |
1505 |     gov_client.set_parameter_rule(&admin, &rule);
     |                                           +

warning: use of deprecated method `soroban_sdk::Env::register_contract`: use `register`
    --> contracts/governance/src/test.rs:1508:29
     |
1508 |     let target_contract = e.register_contract(None, MockTargetContract);
     |                             ^^^^^^^^^^^^^^^^^

error[E0277]: the trait bound `&soroban_sdk::Val: From<soroban_sdk::String>` is not satisfied
    --> contracts/governance/src/test.rs:1510:59
     |
1510 |     let storage_key = String::from_str(&e, "min_balance").into();
     |                                                           ^^^^ the trait `From<soroban_sdk::String>` is not implemented for `&soroban_sdk::Val`
     |
     = help: the following other types implement trait `From<T>`:
               `soroban_sdk::Val` implements `From<&()>`
               `soroban_sdk::Val` implements `From<&MapObject>`
               `soroban_sdk::Val` implements `From<&VecObject>`
               `soroban_sdk::Val` implements `From<&i32>`
               `soroban_sdk::Val` implements `From<&soroban_env_common::bytes::BytesObject>`
               `soroban_sdk::Val` implements `From<&soroban_env_common::num::DurationObject>`
               `soroban_sdk::Val` implements `From<&soroban_env_common::num::DurationSmall>`
               `soroban_sdk::Val` implements `From<&soroban_env_common::num::DurationVal>`
             and 84 others
     = note: required for `soroban_sdk::String` to implement `Into<&soroban_sdk::Val>`

error[E0308]: arguments to this method are incorrect
    --> contracts/governance/src/test.rs:1512:16
     |
1512 |     gov_client.execute_parameter_change_safe(
     |                ^^^^^^^^^^^^^^^^^^^^^^^^^^^^^
...
1515 |         String::from_str(&e, "min_balance"),
     |         ----------------------------------- expected `&String`, found `String`
1516 |         String::from_str(&e, "500"), // Below minimum of 1000
     |         --------------------------- expected `&String`, found `String`
     |
note: method defined here
    --> contracts/governance/src/lib.rs:1236:12
     |
1236 |     pub fn execute_parameter_change_safe(
     |            ^^^^^^^^^^^^^^^^^^^^^^^^^^^^^
...
1240 |         parameter_name: String,
     |         ----------------------
1241 |         new_value: String,
     |         -----------------
help: consider borrowing here
     |
1515 |         &String::from_str(&e, "min_balance"),
     |         +
help: consider borrowing here
     |
1516 |         &String::from_str(&e, "500"), // Below minimum of 1000
     |         +

error[E0308]: mismatched types
    --> contracts/governance/src/test.rs:1541:43
     |
1541 |     gov_client.set_parameter_rule(&admin, rule);
     |                ------------------         ^^^^ expected `&ParameterRule`, found `ParameterRule`
     |                |
     |                arguments to this method are incorrect
     |
note: method defined here
    --> contracts/governance/src/lib.rs:1072:12
     |
1072 |     pub fn set_parameter_rule(env: Env, admin: Address, rule: types::ParameterRule) {
     |            ^^^^^^^^^^^^^^^^^^                           --------------------------
help: consider borrowing here
     |
1541 |     gov_client.set_parameter_rule(&admin, &rule);
     |                                           +

warning: use of deprecated method `soroban_sdk::Env::register_contract`: use `register`
    --> contracts/governance/src/test.rs:1544:29
     |
1544 |     let target_contract = e.register_contract(None, MockTargetContract);
     |                             ^^^^^^^^^^^^^^^^^

error[E0277]: the trait bound `&soroban_sdk::Val: From<soroban_sdk::String>` is not satisfied
    --> contracts/governance/src/test.rs:1546:54
     |
1546 |     let storage_key = String::from_str(&e, "status").into();
     |                                                      ^^^^ the trait `From<soroban_sdk::String>` is not implemented for `&soroban_sdk::Val`
     |
     = help: the following other types implement trait `From<T>`:
               `soroban_sdk::Val` implements `From<&()>`
               `soroban_sdk::Val` implements `From<&MapObject>`
               `soroban_sdk::Val` implements `From<&VecObject>`
               `soroban_sdk::Val` implements `From<&i32>`
               `soroban_sdk::Val` implements `From<&soroban_env_common::bytes::BytesObject>`
               `soroban_sdk::Val` implements `From<&soroban_env_common::num::DurationObject>`
               `soroban_sdk::Val` implements `From<&soroban_env_common::num::DurationSmall>`
               `soroban_sdk::Val` implements `From<&soroban_env_common::num::DurationVal>`
             and 84 others
     = note: required for `soroban_sdk::String` to implement `Into<&soroban_sdk::Val>`

error[E0308]: arguments to this method are incorrect
    --> contracts/governance/src/test.rs:1548:16
     |
1548 |     gov_client.execute_parameter_change_safe(
     |                ^^^^^^^^^^^^^^^^^^^^^^^^^^^^^
...
1551 |         String::from_str(&e, "status"),
     |         ------------------------------ expected `&String`, found `String`
1552 |         String::from_str(&e, "pending"), // Not in allowed list
     |         ------------------------------- expected `&String`, found `String`
     |
note: method defined here
    --> contracts/governance/src/lib.rs:1236:12
     |
1236 |     pub fn execute_parameter_change_safe(
     |            ^^^^^^^^^^^^^^^^^^^^^^^^^^^^^
...
1240 |         parameter_name: String,
     |         ----------------------
1241 |         new_value: String,
     |         -----------------
help: consider borrowing here
     |
1551 |         &String::from_str(&e, "status"),
     |         +
help: consider borrowing here
     |
1552 |         &String::from_str(&e, "pending"), // Not in allowed list
     |         +

error[E0308]: mismatched types
    --> contracts/governance/src/test.rs:1574:43
     |
1574 |     gov_client.set_parameter_rule(&admin, rule);
     |                ------------------         ^^^^ expected `&ParameterRule`, found `ParameterRule`
     |                |
     |                arguments to this method are incorrect
     |
note: method defined here
    --> contracts/governance/src/lib.rs:1072:12
     |
1072 |     pub fn set_parameter_rule(env: Env, admin: Address, rule: types::ParameterRule) {
     |            ^^^^^^^^^^^^^^^^^^                           --------------------------
help: consider borrowing here
     |
1574 |     gov_client.set_parameter_rule(&admin, &rule);
     |                                           +

warning: use of deprecated method `soroban_sdk::Env::register_contract`: use `register`
    --> contracts/governance/src/test.rs:1577:29
     |
1577 |     let target_contract = e.register_contract(None, MockTargetContract);
     |                             ^^^^^^^^^^^^^^^^^

error[E0277]: the trait bound `&soroban_sdk::Val: From<soroban_sdk::String>` is not satisfied
    --> contracts/governance/src/test.rs:1579:62
     |
1579 |     let storage_key = String::from_str(&e, "critical_param").into();
     |                                                              ^^^^ the trait `From<soroban_sdk::String>` is not implemented for `&soroban_sdk::Val`
     |
     = help: the following other types implement trait `From<T>`:
               `soroban_sdk::Val` implements `From<&()>`
               `soroban_sdk::Val` implements `From<&MapObject>`
               `soroban_sdk::Val` implements `From<&VecObject>`
               `soroban_sdk::Val` implements `From<&i32>`
               `soroban_sdk::Val` implements `From<&soroban_env_common::bytes::BytesObject>`
               `soroban_sdk::Val` implements `From<&soroban_env_common::num::DurationObject>`
               `soroban_sdk::Val` implements `From<&soroban_env_common::num::DurationSmall>`
               `soroban_sdk::Val` implements `From<&soroban_env_common::num::DurationVal>`
             and 84 others
     = note: required for `soroban_sdk::String` to implement `Into<&soroban_sdk::Val>`

error[E0308]: arguments to this method are incorrect
    --> contracts/governance/src/test.rs:1581:16
     |
1581 |     gov_client.execute_parameter_change_safe(
     |                ^^^^^^^^^^^^^^^^^^^^^^^^^^^^^
...
1584 |         String::from_str(&e, "critical_param"),
     |         -------------------------------------- expected `&String`, found `String`
1585 |         String::from_str(&e, "new_value"),
     |         --------------------------------- expected `&String`, found `String`
     |
note: method defined here
    --> contracts/governance/src/lib.rs:1236:12
     |
1236 |     pub fn execute_parameter_change_safe(
     |            ^^^^^^^^^^^^^^^^^^^^^^^^^^^^^
...
1240 |         parameter_name: String,
     |         ----------------------
1241 |         new_value: String,
     |         -----------------
help: consider borrowing here
     |
1584 |         &String::from_str(&e, "critical_param"),
     |         +
help: consider borrowing here
     |
1585 |         &String::from_str(&e, "new_value"),
     |         +

error[E0308]: mismatched types
    --> contracts/governance/src/test.rs:1606:43
     |
1606 |     gov_client.set_parameter_rule(&admin, rule);
     |                ------------------         ^^^^ expected `&ParameterRule`, found `ParameterRule`
     |                |
     |                arguments to this method are incorrect
     |
note: method defined here
    --> contracts/governance/src/lib.rs:1072:12
     |
1072 |     pub fn set_parameter_rule(env: Env, admin: Address, rule: types::ParameterRule) {
     |            ^^^^^^^^^^^^^^^^^^                           --------------------------
help: consider borrowing here
     |
1606 |     gov_client.set_parameter_rule(&admin, &rule);
     |                                           +

warning: use of deprecated method `soroban_sdk::Env::register_contract`: use `register`
    --> contracts/governance/src/test.rs:1609:29
     |
1609 |     let target_contract = e.register_contract(None, MockTargetContract);
     |                             ^^^^^^^^^^^^^^^^^

error[E0277]: the trait bound `&soroban_sdk::Val: From<soroban_sdk::String>` is not satisfied
    --> contracts/governance/src/test.rs:1611:58
     |
1611 |     let storage_key = String::from_str(&e, "test_param").into();
     |                                                          ^^^^ the trait `From<soroban_sdk::String>` is not implemented for `&soroban_sdk::Val`
     |
     = help: the following other types implement trait `From<T>`:
               `soroban_sdk::Val` implements `From<&()>`
               `soroban_sdk::Val` implements `From<&MapObject>`
               `soroban_sdk::Val` implements `From<&VecObject>`
               `soroban_sdk::Val` implements `From<&i32>`
               `soroban_sdk::Val` implements `From<&soroban_env_common::bytes::BytesObject>`
               `soroban_sdk::Val` implements `From<&soroban_env_common::num::DurationObject>`
               `soroban_sdk::Val` implements `From<&soroban_env_common::num::DurationSmall>`
               `soroban_sdk::Val` implements `From<&soroban_env_common::num::DurationVal>`
             and 84 others
     = note: required for `soroban_sdk::String` to implement `Into<&soroban_sdk::Val>`

error[E0308]: arguments to this method are incorrect
    --> contracts/governance/src/test.rs:1613:16
     |
1613 |     gov_client.execute_parameter_change_safe(
     |                ^^^^^^^^^^^^^^^^^^^^^^^^^^^^^
...
1616 |         String::from_str(&e, "test_param"),
     |         ---------------------------------- expected `&String`, found `String`
1617 |         String::from_str(&e, "test_value"),
     |         ---------------------------------- expected `&String`, found `String`
     |
note: method defined here
    --> contracts/governance/src/lib.rs:1236:12
     |
1236 |     pub fn execute_parameter_change_safe(
     |            ^^^^^^^^^^^^^^^^^^^^^^^^^^^^^
...
1240 |         parameter_name: String,
     |         ----------------------
1241 |         new_value: String,
     |         -----------------
help: consider borrowing here
     |
1616 |         &String::from_str(&e, "test_param"),
     |         +
help: consider borrowing here
     |
1617 |         &String::from_str(&e, "test_value"),
     |         +

error[E0308]: mismatched types
    --> contracts/governance/src/test.rs:1669:43
     |
1669 |     gov_client.set_parameter_rule(&admin, rule);
     |                ------------------         ^^^^ expected `&ParameterRule`, found `ParameterRule`
     |                |
     |                arguments to this method are incorrect
     |
note: method defined here
    --> contracts/governance/src/lib.rs:1072:12
     |
1072 |     pub fn set_parameter_rule(env: Env, admin: Address, rule: types::ParameterRule) {
     |            ^^^^^^^^^^^^^^^^^^                           --------------------------
help: consider borrowing here
     |
1669 |     gov_client.set_parameter_rule(&admin, &rule);
     |                                           +

warning: use of deprecated method `soroban_sdk::Env::register_contract`: use `register`
    --> contracts/governance/src/test.rs:1677:29
     |
1677 |     let target_contract = e.register_contract(None, MockTargetContract);
     |                             ^^^^^^^^^^^^^^^^^

error[E0308]: mismatched types
    --> contracts/governance/src/test.rs:1720:9
     |
1715 |     let entry_id = gov_client.queue_parameter_update(
     |                               ---------------------- arguments to this method are incorrect
...
1720 |         args,
     |         ^^^^ expected `&Vec<Val>`, found `Vec<_>`
     |
     = note: expected reference `&soroban_sdk::Vec<soroban_sdk::Val>`
                   found struct `soroban_sdk::Vec<_>`
note: method defined here
    --> contracts/governance/src/lib.rs:925:12
     |
 925 |     pub fn queue_parameter_update(
     |            ^^^^^^^^^^^^^^^^^^^^^^
...
 931 |         target_args: Vec<Val>,
     |         ---------------------
help: consider borrowing here
     |
1720 |         &args,
     |         +

error[E0308]: mismatched types
   --> contracts/governance/src/lib.rs:573:27
    |
573 |             block_number: current_block,
    |                           ^^^^^^^^^^^^^ expected `u64`, found `u32`

error[E0308]: mismatched types
   --> contracts/governance/src/lib.rs:726:52
    |
726 |         rbac::validate_internal_call(&env, &admin, &operation)
    |         ----------------------------               ^^^^^^^^^^ expected `&str`, found `&String`
    |         |
    |         arguments to this function are incorrect
    |
    = note: expected reference `&str`
               found reference `&soroban_sdk::String`
note: function defined here
   --> lib/src/rbac.rs:152:8
    |
152 | pub fn validate_internal_call(
    |        ^^^^^^^^^^^^^^^^^^^^^^

error[E0599]: no method named `to_string` found for struct `soroban_sdk::String` in the current scope
    --> contracts/governance/src/lib.rs:1086:79
     |
1086 |         if let Some(rule) = storage::get_parameter_rule(env, &parameters.name.to_string()) {
     |                                                                               ^^^^^^^^^ method not found in `soroban_sdk::String`
     |
    ::: /home/abujulaybeeb/.rustup/toolchains/stable-x86_64-unknown-linux-gnu/lib/rustlib/src/rust/library/alloc/src/string.rs:2882:8
     |
2882 |     fn to_string(&self) -> String;
     |        --------- the method is available for `soroban_sdk::String` here
     |
     = help: items from traits can only be used if the trait is in scope
help: trait `ToString` which provides `to_string` is implemented but not in scope; perhaps you want to import it
     |
   2 + use crate::test::alloc::string::ToString;
     |

error[E0308]: mismatched types
    --> contracts/governance/src/lib.rs:1096:49
     |
1096 |             Self::validate_parameter_value(env, &parameters.value, &rule);
     |             ------------------------------      ^^^^^^^^^^^^^^^^^ expected `&str`, found `&String`
     |             |
     |             arguments to this function are incorrect
     |
     = note: expected reference `&str`
                found reference `&soroban_sdk::String`
note: associated function defined here
    --> contracts/governance/src/lib.rs:1101:8
     |
1101 |     fn validate_parameter_value(env: &Env, value: &str, rule: &types::ParameterRule) {
     |        ^^^^^^^^^^^^^^^^^^^^^^^^            -----------

error[E0599]: no method named `parse` found for reference `&soroban_sdk::String` in the current scope
    --> contracts/governance/src/lib.rs:1106:39
     |
1106 |                     let min = min_val.parse::<u64>().expect("Invalid min value");
     |                                       ^^^^^ method not found in `&soroban_sdk::String`

error[E0599]: no method named `parse` found for reference `&soroban_sdk::String` in the current scope
    --> contracts/governance/src/lib.rs:1112:39
     |
1112 |                     let max = max_val.parse::<u64>().expect("Invalid max value");
     |                                       ^^^^^ method not found in `&soroban_sdk::String`

error[E0599]: no method named `parse` found for reference `&soroban_sdk::String` in the current scope
    --> contracts/governance/src/lib.rs:1121:39
     |
1121 |                     let min = min_val.parse::<u128>().expect("Invalid min value");
     |                                       ^^^^^ method not found in `&soroban_sdk::String`

error[E0599]: no method named `parse` found for reference `&soroban_sdk::String` in the current scope
    --> contracts/governance/src/lib.rs:1127:39
     |
1127 |                     let max = max_val.parse::<u128>().expect("Invalid max value");
     |                                       ^^^^^ method not found in `&soroban_sdk::String`

error[E0599]: no method named `parse` found for reference `&soroban_sdk::String` in the current scope
    --> contracts/governance/src/lib.rs:1136:39
     |
1136 |                     let min = min_val.parse::<i64>().expect("Invalid min value");
     |                                       ^^^^^ method not found in `&soroban_sdk::String`

error[E0599]: no method named `parse` found for reference `&soroban_sdk::String` in the current scope
    --> contracts/governance/src/lib.rs:1142:39
     |
1142 |                     let max = max_val.parse::<i64>().expect("Invalid max value");
     |                                       ^^^^^ method not found in `&soroban_sdk::String`

error[E0308]: mismatched types
    --> contracts/governance/src/lib.rs:1194:82
     |
1194 |             let before_value = Self::try_get_storage_value(env, target_contract, storage_key);
     |                                ---------------------------                       ^^^^^^^^^^^ expected `&Val`, found `Val`
     |                                |
     |                                arguments to this function are incorrect
     |
note: associated function defined here
    --> contracts/governance/src/lib.rs:1209:8
     |
1209 |     fn try_get_storage_value(env: &Env, target_contract: &Address, storage_key: &Val) -> Option<Val> {
     |        ^^^^^^^^^^^^^^^^^^^^^                                       -----------------
help: consider borrowing here
     |
1194 |             let before_value = Self::try_get_storage_value(env, target_contract, &storage_key);
     |                                                                                  +

error[E0308]: mismatched types
    --> contracts/governance/src/lib.rs:1248:42
     |
1248 |             name: String::from_str(&env, &parameter_name),
     |                   ----------------       ^^^^^^^^^^^^^^^ expected `&str`, found `&String`
     |                   |
     |                   arguments to this function are incorrect
     |
     = note: expected reference `&str`
                found reference `&soroban_sdk::String`
note: associated function defined here
    --> /home/abujulaybeeb/.cargo/registry/src/index.crates.io-1949cf8c6b5b557f/soroban-sdk-22.0.11/src/string.rs:236:12
     |
 236 |     pub fn from_str(env: &Env, s: &str) -> String {
     |            ^^^^^^^^

error[E0308]: mismatched types
    --> contracts/governance/src/lib.rs:1249:43
     |
1249 |             value: String::from_str(&env, &new_value),
     |                    ----------------       ^^^^^^^^^^ expected `&str`, found `&String`
     |                    |
     |                    arguments to this function are incorrect
     |
     = note: expected reference `&str`
                found reference `&soroban_sdk::String`
note: associated function defined here
    --> /home/abujulaybeeb/.cargo/registry/src/index.crates.io-1949cf8c6b5b557f/soroban-sdk-22.0.11/src/string.rs:236:12
     |
 236 |     pub fn from_str(env: &Env, s: &str) -> String {
     |            ^^^^^^^^

error[E0308]: mismatched types
    --> contracts/governance/src/lib.rs:1268:47
     |
1268 |         args.push_back(String::from_str(&env, &new_value).into());
     |                        ----------------       ^^^^^^^^^^ expected `&str`, found `&String`
     |                        |
     |                        arguments to this function are incorrect
     |
     = note: expected reference `&str`
                found reference `&soroban_sdk::String`
note: associated function defined here
    --> /home/abujulaybeeb/.cargo/registry/src/index.crates.io-1949cf8c6b5b557f/soroban-sdk-22.0.11/src/string.rs:236:12
     |
 236 |     pub fn from_str(env: &Env, s: &str) -> String {
     |            ^^^^^^^^

error[E0308]: mismatched types
    --> contracts/governance/src/lib.rs:1298:46
     |
1298 |                 name: String::from_str(&env, param_name),
     |                       ----------------       ^^^^^^^^^^ expected `&str`, found `String`
     |                       |
     |                       arguments to this function are incorrect
     |
note: associated function defined here
    --> /home/abujulaybeeb/.cargo/registry/src/index.crates.io-1949cf8c6b5b557f/soroban-sdk-22.0.11/src/string.rs:236:12
     |
 236 |     pub fn from_str(env: &Env, s: &str) -> String {
     |            ^^^^^^^^

error[E0308]: mismatched types
    --> contracts/governance/src/lib.rs:1299:47
     |
1299 |                 value: String::from_str(&env, new_value),
     |                        ----------------       ^^^^^^^^^ expected `&str`, found `String`
     |                        |
     |                        arguments to this function are incorrect
     |
note: associated function defined here
    --> /home/abujulaybeeb/.cargo/registry/src/index.crates.io-1949cf8c6b5b557f/soroban-sdk-22.0.11/src/string.rs:236:12
     |
 236 |     pub fn from_str(env: &Env, s: &str) -> String {
     |            ^^^^^^^^

error[E0308]: mismatched types
    --> contracts/governance/src/lib.rs:1304:99
     |
1304 |             let before_value = Self::try_get_storage_value(&env, &env.current_contract_address(), storage_key);
     |                                ---------------------------                                        ^^^^^^^^^^^ expected `&Val`, found `Val`
     |                                |
     |                                arguments to this function are incorrect
     |
note: associated function defined here
    --> contracts/governance/src/lib.rs:1209:8
     |
1209 |     fn try_get_storage_value(env: &Env, target_contract: &Address, storage_key: &Val) -> Option<Val> {
     |        ^^^^^^^^^^^^^^^^^^^^^                                       -----------------
help: consider borrowing here
     |
1304 |             let before_value = Self::try_get_storage_value(&env, &env.current_contract_address(), &storage_key);
     |                                                                                                   +

error[E0308]: mismatched types
    --> contracts/governance/src/lib.rs:1323:51
     |
1323 |             args.push_back(String::from_str(&env, new_value).into());
     |                            ----------------       ^^^^^^^^^ expected `&str`, found `String`
     |                            |
     |                            arguments to this function are incorrect
     |
note: associated function defined here
    --> /home/abujulaybeeb/.cargo/registry/src/index.crates.io-1949cf8c6b5b557f/soroban-sdk-22.0.11/src/string.rs:236:12
     |
 236 |     pub fn from_str(env: &Env, s: &str) -> String {
     |            ^^^^^^^^

error[E0308]: mismatched types
    --> contracts/governance/src/lib.rs:1332:85
     |
1332 |             Self::validate_storage_integrity(&env, &env.current_contract_address(), storage_key);
     |             --------------------------------                                        ^^^^^^^^^^^ expected `&Val`, found `Val`
     |             |
     |             arguments to this function are incorrect
     |
note: associated function defined here
    --> contracts/governance/src/lib.rs:1217:8
     |
1217 |     fn validate_storage_integrity(env: &Env, target_contract: &Address, storage_key: &Val) {
     |        ^^^^^^^^^^^^^^^^^^^^^^^^^^                                       -----------------
help: consider borrowing here
     |
1332 |             Self::validate_storage_integrity(&env, &env.current_contract_address(), &storage_key);
     |                                                                                     +

error[E0369]: binary operation `==` cannot be applied to type `soroban_sdk::Val`
    --> contracts/governance/src/lib.rs:1358:57
     |
1358 |                 (Some(stored), Some(current)) => stored == current,
     |                                                  ------ ^^ ------- soroban_sdk::Val
     |                                                  |
     |                                                  soroban_sdk::Val
     |
note: `soroban_sdk::Val` does not implement `PartialEq`
    --> /home/abujulaybeeb/.cargo/registry/src/index.crates.io-1949cf8c6b5b557f/soroban-env-common-22.1.3/src/val.rs:249:1
     |
 249 | pub struct Val(u64);
     | ^^^^^^^^^^^^^^ `soroban_sdk::Val` is defined in another crate

error[E0599]: no method named `to_string` found for struct `soroban_sdk::String` in the current scope
    --> contracts/governance/src/lib.rs:1369:59
     |
1369 |         storage::get_parameter_rule(&env, &parameter_name.to_string())
     |                                                           ^^^^^^^^^ method not found in `soroban_sdk::String`
     |
    ::: /home/abujulaybeeb/.rustup/toolchains/stable-x86_64-unknown-linux-gnu/lib/rustlib/src/rust/library/alloc/src/string.rs:2882:8
     |
2882 |     fn to_string(&self) -> String;
     |        --------- the method is available for `soroban_sdk::String` here
     |
     = help: items from traits can only be used if the trait is in scope
help: trait `ToString` which provides `to_string` is implemented but not in scope; perhaps you want to import it
     |
   2 + use crate::test::alloc::string::ToString;
     |

error[E0277]: the trait bound `Error: From<soroban_sdk::Error>` is not satisfied
  --> contracts/governance/src/lib.rs:25:1
   |
25 | #[contractimpl]
   | ^^^^^^^^^^^^^^^ unsatisfied trait bound
   |
help: the trait `From<soroban_sdk::Error>` is not implemented for `Error`
  --> contracts/governance/src/lib.rs:18:1
   |
18 | pub enum Error {
   | ^^^^^^^^^^^^^^
   = note: required for `soroban_sdk::Error` to implement `Into<Error>`
   = note: required for `Error` to implement `TryFrom<soroban_sdk::Error>`
   = note: this error originates in the attribute macro `soroban_sdk::contractclient` (in Nightly builds, run with -Z macro-backtrace for more info)

error[E0277]: the trait bound `for<'a> soroban_sdk::Error: From<&'a Error>` is not satisfied
  --> contracts/governance/src/lib.rs:25:1
   |
25 | #[contractimpl]
   | ^^^^^^^^^^^^^^^ the trait `for<'a> From<&'a Error>` is not implemented for `soroban_sdk::Error`
   |
   = help: the following other types implement trait `From<T>`:
             `soroban_sdk::Error` implements `From<&ContractError>`
             `soroban_sdk::Error` implements `From<&soroban_sdk::Error>`
             `soroban_sdk::Error` implements `From<(soroban_sdk::xdr::ScErrorType, soroban_sdk::xdr::ScErrorCode)>`
             `soroban_sdk::Error` implements `From<ContractError>`
             `soroban_sdk::Error` implements `From<Infallible>`
             `soroban_sdk::Error` implements `From<soroban_env_common::symbol::SymbolError>`
             `soroban_sdk::Error` implements `From<soroban_env_host::builtin_contracts::contract_error::ContractError>`
             `soroban_sdk::Error` implements `From<soroban_sdk::ConversionError>`
           and 6 others
   = note: required for `&'a Error` to implement `for<'a> Into<soroban_sdk::Error>`
   = note: required for `soroban_sdk::Error` to implement `for<'a> TryFrom<&'a Error>`
   = note: required for `soroban_sdk::Val` to implement `TryFromVal<Env, core::result::Result<(), Error>>`
   = note: required for `soroban_sdk::Val` to implement `FromVal<Env, core::result::Result<(), Error>>`
   = note: required for `core::result::Result<(), Error>` to implement `IntoVal<Env, soroban_sdk::Val>`
   = note: this error originates in the attribute macro `contractimpl` (in Nightly builds, run with -Z macro-backtrace for more info)

warning: unused variable: `env`
  --> contracts/governance/src/test.rs:67:9
   |
67 |         env: Env,
   |         ^^^ help: if this is intentional, prefix it with an underscore: `_env`
   |
   = note: `#[warn(unused_variables)]` (part of `#[warn(unused)]`) on by default

warning: unused variable: `spender`
  --> contracts/governance/src/test.rs:69:9
   |
69 |         spender: Address,
   |         ^^^^^^^ help: if this is intentional, prefix it with an underscore: `_spender`

warning: unused variable: `amount`
  --> contracts/governance/src/test.rs:70:9
   |
70 |         amount: i128,
   |         ^^^^^^ help: if this is intentional, prefix it with an underscore: `_amount`

warning: unused variable: `expiration_ledger`
  --> contracts/governance/src/test.rs:71:9
   |
71 |         expiration_ledger: u32,
   |         ^^^^^^^^^^^^^^^^^ help: if this is intentional, prefix it with an underscore: `_expiration_ledger`

warning: unused variable: `env`
  --> contracts/governance/src/test.rs:77:22
   |
77 |     pub fn allowance(env: Env, from: Address, spender: Address) -> i128 {
   |                      ^^^ help: if this is intentional, prefix it with an underscore: `_env`

warning: unused variable: `from`
  --> contracts/governance/src/test.rs:77:32
   |
77 |     pub fn allowance(env: Env, from: Address, spender: Address) -> i128 {
   |                                ^^^^ help: if this is intentional, prefix it with an underscore: `_from`

warning: unused variable: `spender`
  --> contracts/governance/src/test.rs:77:47
   |
77 |     pub fn allowance(env: Env, from: Address, spender: Address) -> i128 {
   |                                               ^^^^^^^ help: if this is intentional, prefix it with an underscore: `_spender`

warning: unused variable: `e`
   --> contracts/governance/src/test.rs:142:18
    |
142 | fn simulate_mint(e: &Env, token: &Address, admin: &Address, to: &Address, amount: i128) {
    |                  ^ help: if this is intentional, prefix it with an underscore: `_e`

warning: unused variable: `token`
   --> contracts/governance/src/test.rs:142:27
    |
142 | fn simulate_mint(e: &Env, token: &Address, admin: &Address, to: &Address, amount: i128) {
    |                           ^^^^^ help: if this is intentional, prefix it with an underscore: `_token`

warning: unused variable: `admin`
   --> contracts/governance/src/test.rs:142:44
    |
142 | fn simulate_mint(e: &Env, token: &Address, admin: &Address, to: &Address, amount: i128) {
    |                                            ^^^^^ help: if this is intentional, prefix it with an underscore: `_admin`

warning: unused variable: `to`
   --> contracts/governance/src/test.rs:142:61
    |
142 | fn simulate_mint(e: &Env, token: &Address, admin: &Address, to: &Address, amount: i128) {
    |                                                             ^^ help: if this is intentional, prefix it with an underscore: `_to`

warning: unused variable: `amount`
   --> contracts/governance/src/test.rs:142:75
    |
142 | fn simulate_mint(e: &Env, token: &Address, admin: &Address, to: &Address, amount: i128) {
    |                                                                           ^^^^^^ help: if this is intentional, prefix it with an underscore: `_amount`

warning: unused variable: `admin`
   --> contracts/governance/src/test.rs:157:22
    |
157 |     let (gov_client, admin, governance_token, token_client) = setup_governance(&e);
    |                      ^^^^^ help: if this is intentional, prefix it with an underscore: `_admin`

warning: unused variable: `governance_token`
   --> contracts/governance/src/test.rs:157:29
    |
157 |     let (gov_client, admin, governance_token, token_client) = setup_governance(&e);
    |                             ^^^^^^^^^^^^^^^^ help: if this is intentional, prefix it with an underscore: `_governance_token`

warning: unused variable: `admin`
   --> contracts/governance/src/test.rs:181:22
    |
181 |     let (gov_client, admin, governance_token, token_client) = setup_governance(&e);
    |                      ^^^^^ help: if this is intentional, prefix it with an underscore: `_admin`

warning: unused variable: `governance_token`
   --> contracts/governance/src/test.rs:181:29
    |
181 |     let (gov_client, admin, governance_token, token_client) = setup_governance(&e);
    |                             ^^^^^^^^^^^^^^^^ help: if this is intentional, prefix it with an underscore: `_governance_token`

warning: unused variable: `admin`
   --> contracts/governance/src/test.rs:264:22
    |
264 |     let (gov_client, admin, governance_token, token_client) = setup_governance(&e);
    |                      ^^^^^ help: if this is intentional, prefix it with an underscore: `_admin`

warning: unused variable: `governance_token`
   --> contracts/governance/src/test.rs:264:29
    |
264 |     let (gov_client, admin, governance_token, token_client) = setup_governance(&e);
    |                             ^^^^^^^^^^^^^^^^ help: if this is intentional, prefix it with an underscore: `_governance_token`

warning: unused variable: `admin`
   --> contracts/governance/src/test.rs:401:22
    |
401 |     let (gov_client, admin, governance_token, token_client) = setup_governance(&e);
    |                      ^^^^^ help: if this is intentional, prefix it with an underscore: `_admin`

warning: unused variable: `governance_token`
   --> contracts/governance/src/test.rs:401:29
    |
401 |     let (gov_client, admin, governance_token, token_client) = setup_governance(&e);
    |                             ^^^^^^^^^^^^^^^^ help: if this is intentional, prefix it with an underscore: `_governance_token`

warning: unused variable: `admin`
   --> contracts/governance/src/test.rs:440:22
    |
440 |     let (gov_client, admin, governance_token, token_client) = setup_governance(&e);
    |                      ^^^^^ help: if this is intentional, prefix it with an underscore: `_admin`

warning: unused variable: `governance_token`
   --> contracts/governance/src/test.rs:440:29
    |
440 |     let (gov_client, admin, governance_token, token_client) = setup_governance(&e);
    |                             ^^^^^^^^^^^^^^^^ help: if this is intentional, prefix it with an underscore: `_governance_token`

warning: unused variable: `governance_token`
   --> contracts/governance/src/test.rs:467:25
    |
467 |     let (gov_client, _, governance_token, token_client) = setup_governance(&e);
    |                         ^^^^^^^^^^^^^^^^ help: if this is intentional, prefix it with an underscore: `_governance_token`

warning: unused variable: `admin`
   --> contracts/governance/src/test.rs:507:22
    |
507 |     let (gov_client, admin, governance_token, token_client) = setup_governance(&e);
    |                      ^^^^^ help: if this is intentional, prefix it with an underscore: `_admin`

warning: unused variable: `governance_token`
   --> contracts/governance/src/test.rs:507:29
    |
507 |     let (gov_client, admin, governance_token, token_client) = setup_governance(&e);
    |                             ^^^^^^^^^^^^^^^^ help: if this is intentional, prefix it with an underscore: `_governance_token`

warning: unused variable: `governance_token`
   --> contracts/governance/src/test.rs:534:29
    |
534 |     let (gov_client, admin, governance_token, token_client) = setup_governance(&e);
    |                             ^^^^^^^^^^^^^^^^ help: if this is intentional, prefix it with an underscore: `_governance_token`

warning: unused variable: `admin`
   --> contracts/governance/src/test.rs:619:22
    |
619 |     let (gov_client, admin, governance_token, token_client) = setup_governance(&e);
    |                      ^^^^^ help: if this is intentional, prefix it with an underscore: `_admin`

warning: unused variable: `governance_token`
   --> contracts/governance/src/test.rs:619:29
    |
619 |     let (gov_client, admin, governance_token, token_client) = setup_governance(&e);
    |                             ^^^^^^^^^^^^^^^^ help: if this is intentional, prefix it with an underscore: `_governance_token`

warning: unused variable: `admin`
   --> contracts/governance/src/test.rs:659:22
    |
659 |     let (gov_client, admin, governance_token, token_client) = setup_governance(&e);
    |                      ^^^^^ help: if this is intentional, prefix it with an underscore: `_admin`

warning: unused variable: `governance_token`
   --> contracts/governance/src/test.rs:659:29
    |
659 |     let (gov_client, admin, governance_token, token_client) = setup_governance(&e);
    |                             ^^^^^^^^^^^^^^^^ help: if this is intentional, prefix it with an underscore: `_governance_token`

warning: unused variable: `admin`
   --> contracts/governance/src/test.rs:709:22
    |
709 |     let (gov_client, admin, governance_token, token_client) = setup_governance(&e);
    |                      ^^^^^ help: if this is intentional, prefix it with an underscore: `_admin`

warning: unused variable: `governance_token`
   --> contracts/governance/src/test.rs:709:29
    |
709 |     let (gov_client, admin, governance_token, token_client) = setup_governance(&e);
    |                             ^^^^^^^^^^^^^^^^ help: if this is intentional, prefix it with an underscore: `_governance_token`

warning: unused variable: `admin`
   --> contracts/governance/src/test.rs:760:22
    |
760 |     let (gov_client, admin, governance_token, token_client) = setup_governance(&e);
    |                      ^^^^^ help: if this is intentional, prefix it with an underscore: `_admin`

warning: unused variable: `governance_token`
   --> contracts/governance/src/test.rs:760:29
    |
760 |     let (gov_client, admin, governance_token, token_client) = setup_governance(&e);
    |                             ^^^^^^^^^^^^^^^^ help: if this is intentional, prefix it with an underscore: `_governance_token`

warning: unused variable: `governance_token`
   --> contracts/governance/src/test.rs:801:29
    |
801 |     let (gov_client, admin, governance_token, token_client) = setup_governance(&e);
    |                             ^^^^^^^^^^^^^^^^ help: if this is intentional, prefix it with an underscore: `_governance_token`

warning: unused variable: `admin`
   --> contracts/governance/src/test.rs:942:22
    |
942 |     let (gov_client, admin, governance_token, token_client) = setup_governance(&e);
    |                      ^^^^^ help: if this is intentional, prefix it with an underscore: `_admin`

warning: unused variable: `governance_token`
   --> contracts/governance/src/test.rs:942:29
    |
942 |     let (gov_client, admin, governance_token, token_client) = setup_governance(&e);
    |                             ^^^^^^^^^^^^^^^^ help: if this is intentional, prefix it with an underscore: `_governance_token`

warning: unused variable: `admin`
    --> contracts/governance/src/test.rs:1762:22
     |
1762 |     let (gov_client, admin, governance_token, token_client) = setup_governance(&e);
     |                      ^^^^^ help: if this is intentional, prefix it with an underscore: `_admin`

warning: unused variable: `governance_token`
    --> contracts/governance/src/test.rs:1762:29
     |
1762 |     let (gov_client, admin, governance_token, token_client) = setup_governance(&e);
     |                             ^^^^^^^^^^^^^^^^ help: if this is intentional, prefix it with an underscore: `_governance_token`

warning: unused variable: `admin`
    --> contracts/governance/src/test.rs:1803:22
     |
1803 |     let (gov_client, admin, governance_token, token_client) = setup_governance(&e);
     |                      ^^^^^ help: if this is intentional, prefix it with an underscore: `_admin`

warning: unused variable: `governance_token`
    --> contracts/governance/src/test.rs:1803:29
     |
1803 |     let (gov_client, admin, governance_token, token_client) = setup_governance(&e);
     |                             ^^^^^^^^^^^^^^^^ help: if this is intentional, prefix it with an underscore: `_governance_token`

warning: unused variable: `governance_token`
    --> contracts/governance/src/test.rs:1852:29
     |
1852 |     let (gov_client, admin, governance_token, token_client) = setup_governance(&e);
     |                             ^^^^^^^^^^^^^^^^ help: if this is intentional, prefix it with an underscore: `_governance_token`

warning: unused variable: `governance_token`
    --> contracts/governance/src/test.rs:1909:29
     |
1909 |     let (gov_client, admin, governance_token, token_client) = setup_governance(&e);
     |                             ^^^^^^^^^^^^^^^^ help: if this is intentional, prefix it with an underscore: `_governance_token`

warning: unused variable: `admin`
    --> contracts/governance/src/test.rs:1979:22
     |
1979 |     let (gov_client, admin, governance_token, token_client) = setup_governance(&e);
     |                      ^^^^^ help: if this is intentional, prefix it with an underscore: `_admin`

warning: unused variable: `governance_token`
    --> contracts/governance/src/test.rs:1979:29
     |
1979 |     let (gov_client, admin, governance_token, token_client) = setup_governance(&e);
     |                             ^^^^^^^^^^^^^^^^ help: if this is intentional, prefix it with an underscore: `_governance_token`

warning: unused variable: `governance_token`
    --> contracts/governance/src/test.rs:1996:29
     |
1996 |     let (gov_client, admin, governance_token, token_client) = setup_governance(&e);
     |                             ^^^^^^^^^^^^^^^^ help: if this is intentional, prefix it with an underscore: `_governance_token`

warning: unused variable: `token_client`
    --> contracts/governance/src/test.rs:1996:47
     |
1996 |     let (gov_client, admin, governance_token, token_client) = setup_governance(&e);
     |                                               ^^^^^^^^^^^^ help: if this is intentional, prefix it with an underscore: `_token_client`

warning: unused variable: `governance_token`
    --> contracts/governance/src/test.rs:2018:29
     |
2018 |     let (gov_client, admin, governance_token, token_client) = setup_governance(&e);
     |                             ^^^^^^^^^^^^^^^^ help: if this is intentional, prefix it with an underscore: `_governance_token`

warning: unused variable: `governance_token`
    --> contracts/governance/src/test.rs:2060:29
     |
2060 |     let (gov_client, admin, governance_token, token_client) = setup_governance(&e);
     |                             ^^^^^^^^^^^^^^^^ help: if this is intentional, prefix it with an underscore: `_governance_token`

warning: unused variable: `governance_token`
    --> contracts/governance/src/test.rs:2098:29
     |
2098 |     let (gov_client, admin, governance_token, token_client) = setup_governance(&e);
     |                             ^^^^^^^^^^^^^^^^ help: if this is intentional, prefix it with an underscore: `_governance_token`

warning: unused variable: `governance_token`
    --> contracts/governance/src/test.rs:2140:29
     |
2140 |     let (gov_client, admin, governance_token, token_client) = setup_governance(&e);
     |                             ^^^^^^^^^^^^^^^^ help: if this is intentional, prefix it with an underscore: `_governance_token`

warning: unused variable: `result`
    --> contracts/governance/src/lib.rs:1013:13
     |
1013 |         let result: Val = env.invoke_contract(
     |             ^^^^^^ help: if this is intentional, prefix it with an underscore: `_result`

warning: unused variable: `env`
    --> contracts/governance/src/lib.rs:1209:30
     |
1209 |     fn try_get_storage_value(env: &Env, target_contract: &Address, storage_key: &Val) -> Option<Val> {
     |                              ^^^ help: if this is intentional, prefix it with an underscore: `_env`

warning: unused variable: `target_contract`
    --> contracts/governance/src/lib.rs:1209:41
     |
1209 |     fn try_get_storage_value(env: &Env, target_contract: &Address, storage_key: &Val) -> Option<Val> {
     |                                         ^^^^^^^^^^^^^^^ help: if this is intentional, prefix it with an underscore: `_target_contract`

warning: unused variable: `storage_key`
    --> contracts/governance/src/lib.rs:1209:68
     |
1209 |     fn try_get_storage_value(env: &Env, target_contract: &Address, storage_key: &Val) -> Option<Val> {
     |                                                                    ^^^^^^^^^^^ help: if this is intentional, prefix it with an underscore: `_storage_key`

Some errors have detailed explanations: E0061, E0277, E0308, E0369, E0425, E0433, E0599.
For more information about an error, try `rustc --explain E0061`.
warning: `governance` (lib test) generated 75 warnings
error: could not compile `governance` (lib test) due to 78 previous errors; 75 warnings emitted
